// Jest Snapshot v1, https://goo.gl/fbAQLP

exports[`<Button /> should render a button 1`] = `
<button
  class="sc-gsnTZi goDtiU"
  role="button"
>
  Show
</button>
`;
